# file opened: simulacion.asm
   1  0000              ; MONITEUR
   2  0000              ;
   3  0000
   4  0000              ; DONNEES FICTIVES
   5  0000
   6  0000              NIL             .EQU    00H
   7  0000                                                      ; valor "nulo" para punteros de 16 bits (fin de una lista)
   8  0000              FALSE            .EQU    00H             ;Ante falta de boolean ponemos un falso = 0
   9  0000              TRUE            .EQU    01H              ;True = 1
  10  0000
  11  0000
  12  0000              NONCREE         .EQU    00H           ; bloque de contexto libre: no representa ninguna tarea
  13  0000              PRET            .EQU    01H           ; tarea creada, lista para ejecutar, esperando su turno
  14  0000              ACTIF           .EQU    02H           ; la única tarea que tiene la CPU en este momento
  15  0000              BLOQUEO          .EQU    03H          ; tarea esperando un semáforo (P) o una E/S (DEMES)
  16  0000
  17  0000                                                      ; CONSTANTES DES CTX
  18  0000                                                      ; LG INFO CTX
  19  0000              LONGCTX         .EQU    6             ; tamaño en bytes del "header"/metadatos de una tarea
  20  0000              LONGPIL         .EQU    30            ; tamaño en bytes de la pila privada de cada tarea
  21  0000              LONGDCTX        .EQU    LONGPIL + LONGCTX ; tamaño TOTAL de un bloque de tarea = header + su pila
  22  0000                                                      ; LG PILE
  23  0000                                                      ; LG CTX
  24  0000                                                      ; CHAMPS DES CTX
  25  0000              CHTPMS          .EQU    0               ; CHAINE PRETES OU A SEMAPHORE
  26  0000                                                      ; puntero (2 bytes) a la SIGUIENTE tarea en la lista donde
  27  0000                                                      ; esté encadenada esta (cola de listas o cola de un semáforo)
  28  0000              STATUS          .EQU    2               ; ETAT DE LA TACHE
  29  0000                                                      ; 1 byte con uno de los 4 estados: NONCREE/PRET/ACTIF/BLOQUEO
  30  0000              SEMAT           .EQU    3               ; SEMAPHORE BLOQUANT
  31  0000                                                      ; número de semáforo donde quedó bloqueada
  32  0000              GARSP           .EQU    4               ; GARAGE SP
  33  0000                                                      ; aquí se guarda el SP (2 bytes) de la tarea cuando NO está
  34  0000                                                      ; corriendo, para poder restaurarlo en el cambio de contexto
  35  0000                                                      ; CONSTANTES DU MONITEUR
  36  0000              NBMCTX          .EQU    20              ; NB MAX CTX
  37  0000                                                      ; máximo de tareas simultáneas
  38  0000              NBSEM           .EQU    20              ; NB MAX SEMAPHORES
  39  0000                                                      ; máximo de semáforos "normales" (los que usan P/V)
  40  0000              NBES            .EQU    8               ; NB MAX E/S
  41  0000                                                      ; máximo de unidades de E/S simuladas (con watchdog)
  42  0000              SEMPES          .EQU    NBSEM + NBES
  43  0000                                                      ; total de entradas de la tabla BSEM: primero los NBSEM
  44  0000                                                      ; semáforos normales y luego los NBES semáforos de E/S
  45  0000
  46  0000                                                      ; 3 PERIPHERIQUES
  47  0000              H0              .EQU    7C0H            ; TIMER 0 CTC
  48  0000                                                      ; puerto de E/S del canal 0 del CTC (Counter/Timer Circuit):
  49  0000                                                      ; genera la interrupción periódica de reloj
  50  0000              TT              .EQU    0064H           ; CONSTANT T.D.
  51  0000                                                      ; cuántos "ticks" de reloj dura una rebanada de tiempo
  52  0000                                                      ; (time slice) para el reparto de CPU por time-slicing
  53  0000                                                      ; TRANCHE = TT A 25 MS
  54  0000
  55  0000                              .ORG    1000H - 3
  56  0FFD                                                      ; el código "real" empieza en 1000H; se dejan 3 bytes antes
  57  0FFD                                                      ; para un pequeño encabezado (las dos .WORD de abajo)
  58  0FFD EE 10                        .WORD   INICTX
  59  0FFF                                                      ; palabra de cabecera: dirección de la zona de contextos
  60  0FFF 91 19                        .WORD   FINAL
  61  1001                                                      ; palabra de cabecera: dirección de fin del programa
  62  1001              NBIOIO          .EQU    $
  63  1001                                                      ; aquí arranca el código ejecutable, en la dirección 1000H
  64  1001 C3 0B 18                     JP      DEBMON
  65  1004                                                      ; primera instrucción real: saltar a inicializar el monitor
  66  1004
  67  1004              ; DONNEES UTILES
  68  1004
  69  1004                                                      ; TABLE CENTRALE
  70  1004 00 00        PTRCTXL         .BLOCK  2               ; POINTEUR CTX LIBRE CREATION
  71  1006                                                      ; dirección del próximo bloque de memoria libre donde CREER
  72  1006                                                      ; puede crear una tarea nueva
  73  1006 00 00        NBCTX           .BLOCK  2               ; NB CTX CREES
  74  1008                                                      ; cuántas tareas existen (creadas) hasta este momento
  75  1008 00 00        PTRDTP          .BLOCK  2               ; PTR CTX DEBUT TACHES PRETES
  76  100A                                                      ; cabeza de la cola de tareas listas (la próxima en correr)
  77  100A 00 00        PTRFTP          .BLOCK  2               ;       FIN
  78  100C                                                      ; cola (el final) de la cola de tareas listas
  79  100C 00 00        PTRTA           .BLOCK  2               ; PTR CTX TACHE EN COURS
  80  100E                                                      ; puntero a la tarea que se está ejecutando ahora mismo
  81  100E                                                      ; ZONE MEMOIRE SEMAPHORES
  82  100E 00 00 00...  BSEM            .BLOCK  8*SEMPES
  83  10EE                                                      ; tabla de TODOS los semáforos, 8 bytes cada uno:
  84  10EE                                                      ; +0 contador (OPTEUR), +1/+2 cabeza cola de espera,
  85  10EE                                                      ; +3/+4 cola (fin) de la cola de espera; solo para los de
  86  10EE                                                      ; E/S además: +5 watchdog activo (V/F), +6/+7 cuenta regresiva
  87  10EE
  88  10EE                                                      ; ZONE MEMOIRE CTX
  89  10EE                                                      ; cada bloque de tarea mide LONGDCTX bytes: header (LONGCTX)
  90  10EE                                                      ; + su pila privada (LONGPIL)
  91  10EE 00 00 00...  INICTX          .BLOCK  LONGDCTX*NBMCTX
  92  13BE
  93  13BE 00 00 00...  INREVM          .BLOCK  NBES            ; INDICATEURS REVEIL (V/F)
  94  13C6                                                      ; un byte por unidad de E/S: ¿esta tarea fue despertada por
  95  13C6                                                      ; el reloj (watchdog) o por un FINES manual?
  96  13C6
  97  13C6 00 00 00...  PILSYS          .BLOCK  30              ; PILE SYSTEME
  98  13E4                                                      ; pila usada solo durante el arranque (DEBMON), antes de que
  99  13E4                                                      ; exista ninguna tarea todavía
 100  13E4 00           PPILSYS         .BLOCK  1
 101  13E5                                                      ; tope inicial de PILSYS (la pila crece hacia direcciones
 102  13E5                                                      ; menores, por eso el SP arranca aquí, al final del bloque)
 103  13E5
 104  13E5              ; TABLE D'ADRESSES DES ROUTINES DE TRAITEMENT D'IT
 105  13E5
 106  13E5 00 00        TARTIT          .BLOCK  2
 107  13E7
 108  13E7              CONSOLE_PORT    .EQU    0FFH            ; puerto de E/S por el que también se saca cada carácter;
 109  13E7
 110  13E7 00 00 00...  CONSBUF         .BLOCK  200             ; aquí queda, en orden, cada carácter "impreso" por las
 111  14AF                                                      ; tareas.
 112  14AF 00 00        CONSPTR         .BLOCK  2               ; puntero al siguiente hueco libre de CONSBUF
 113  14B1
 114  14B1
 115  14B1              ;***************************************************************************
 116  14B1              ;
 117  14B1              ; PRIMITIVES
 118  14B1              ;
 119  14B1              ;***************************************************************************
 120  14B1
 121  14B1              ; PRIMITIVE P(#SEMAPHORE)
 122  14B1                                                      ; se usa el nombre "SEMP" en vez de "P": "P" es la condición
 123  14B1                                                      ; de signo positivo del Z80 y choca con instrucciones como
 124  14B1                                                      ; "JP P,..." (ver su uso en DEMES, más abajo)
 125  14B1 F3           SEMP            DI
 126  14B2
 127  14B2
 128  14B2 F5                           PUSH    AF                       ; se guardan los registros que esta rutina toca,
 129  14B3 E5                           PUSH    HL                       ; para poder restaurarlos intactos si al final
 130  14B4 D5                           PUSH    DE                       ; resulta que NO hubo que bloquear la tarea
 131  14B5 C5                           PUSH    BC
 132  14B6
 133  14B6 47                           LD      B,A                      ; guarda el número de semáforo en B, porque
 134  14B7                                                      ; RECHSEM va a destruir el valor de A
 135  14B7
 136  14B7 CD 0E 15                     CALL    RECHSEM                  ; HL POINTE SEMAPHORE
 137  14BA 35                           DEC (HL)
 138  14BB FA C4 14                     JP      M,WAIT                   ; SI OPTEUR < 0 ALORS WAIT
 139  14BE                                                               ; si el contador quedó negativo, no había recurso libre:
 140  14BE                                                               ; bloquear la tarea actual (saltar a WAIT)
 141  14BE
 142  14BE C1                           POP     BC                       ; NON BLOQUEE, CONTINUER
 143  14BF D1                           POP     DE                       ; sí había recurso disponible: se restauran los
 144  14C0 E1                           POP     HL                       ; registros tal cual estaban y se sigue de largo,
 145  14C1 F1                           POP     AF                       ; sin cambiar de tarea
 146  14C2
 147  14C2 FB                           EI
 148  14C3 C9                           RET
 149  14C4
 150  14C4 DD E5        WAIT            PUSH    IX                       ; BLOCAGE TACHE EXECUTANT P
 151  14C6 FD E5                        PUSH    IY
 152  14C8
 153  14C8 EB                           EX      DE,HL                    ; ahora DE apunta al semáforo (antes en HL)
 154  14C9 D5                           PUSH    DE
 155  14CA FD E1                        POP     IY                       ; DE,IY POINTENT SEMAPHORE
 156  14CC
 157  14CC DD 2A 0C 10                  LD      IX,(PTRTA)               ; IX POINTE CTX TACHE EN COURS
 158  14D0
 159  14D0 DD 6E 00                     LD      L,(IX + CHTPMS)          ; EXTRAIRE TETE TACHES PRETES
 160  14D3 DD 66 01                     LD      H,(IX + CHTPMS + 1)      ; toma quién era "el siguiente" de la tarea actual
 161  14D6 22 08 10                     LD      (PTRDTP),HL              ; y lo hace la nueva cabeza de la cola de listas
 162  14D9
 163  14D9 DD 36 00 00                  LD      (IX + CHTPMS),NIL        ; AJOUTER A TETE ATTENTE SEM
 164  14DD DD 36 01 00                  LD      (IX + CHTPMS + 1),NIL    ; (se limpia el puntero de encadenamiento; se fija
 165  14E1 DD 36 02 03                  LD      (IX + STATUS),BLOQUEO    ; según si la cola del semáforo está vacía o no,
 166  14E5 DD 70 03                     LD      (IX + SEMAT),B           ; más abajo). Guarda en qué semáforo quedó (B).
 167  14E8
 168  14E8 FD 7E 01                     LD      A,(IY + 1)               ; (IY+1) = byte bajo de la cabeza de la cola espera
 169  14EB A7                           AND     A                        ; A = A-T-IL FALLU BLOQUER ? (en realidad prueba si
 170  14EC 20 08                        JR      NZ,NOVIDER               ; la cola de espera del semáforo ya tenía tareas)
 171  14EE
 172  14EE FD 73 01                     LD      (IY + 1),E               ; FILE VIDE -> la cola estaba vacía: esta tarea
 173  14F1 FD 72 02                     LD      (IY + 2),D               ; PTR DEBUT FILE   pasa a ser cabeza Y cola a la vez
 174  14F4 18 0F                        JR      CONTW
 175  14F6 FD 6E 03     NOVIDER         LD      L,(IY + 3)               ; la cola no estaba vacía: toma la última tarea que
 176  14F9 FD 66 04                     LD      H,(IY + 4)               ; ya esperaba en este semáforo...
 177  14FC E5                           PUSH    HL
 178  14FD DD E1                        POP     IX
 179  14FF DD 73 00                     LD      (IX + CHTPMS),E
 180  1502 DD 72 01                     LD      (IX + CHTPMS + 1),D      ; CHAINAGE  (...y hace que esa última apunte ahora
 181  1505                                                      ; a la tarea que se acaba de bloquear)
 182  1505 FD 73 03     CONTW           LD      (IY + 3),E               ; PTR FIN FILE -> en ambos casos, actualiza el
 183  1508 FD 72 04                     LD      (IY + 4),D               ; puntero "última de la cola" del semáforo
 184  150B
 185  150B C3 A1 15                     JP      DISP                     ; cede la CPU a otra tarea (cambio de contexto)
 186  150E
 187  150E
 188  150E              ;
 189  150E              ; SOUSPROGRAMME RECHSEM     ENTREE   A=#SEMAPHORE
 190  150E              ;                           SORTIE   HL=@ SEMAPHORE
 191  150E              ;
 192  150E 07           RECHSEM         RLCA
 193  150F 07                           RLCA
 194  1510 07                           RLCA                             ; MULT. PAR 8
 195  1511                                                      ; (rotar 3 veces a la izquierda = multiplicar por 8; cada
 196  1511                                                      ; semáforo en BSEM ocupa 8 bytes)
 197  1511 5F                           LD      E,A
 198  1512 16 00                        LD      D,0
 199  1514 21 0E 10                     LD      HL,BSEM
 200  1517 19                           ADD     HL,DE                    ; HL = BSEM + (número de semáforo * 8)
 201  1518 C9                           RET
 202  1519
 203  1519
 204  1519              ;***************************************************************************
 205  1519              ;
 206  1519              ; PRIMITIVE V(#SEMAPHORE)                  -> operación V (signal) de Dijkstra
 207  1519              ;
 208  1519 F3           V               DI
 209  151A
 210  151A F5                           PUSH    AF
 211  151B E5                           PUSH    HL
 212  151C D5                           PUSH    DE
 213  151D
 214  151D CD 0E 15                     CALL    RECHSEM                  ; HL POINTE SEMAPHORE
 215  1520
 216  1520 34                           INC     (HL)
 217  1521                                                        ; OPTEUR = OPTEUR + 1
 218  1521
 219  1521 FA 2A 15                     JP      M,SIGNAL
 220  1524 CA 2A 15                     JP      Z,SIGNAL                 ; DEBLOCAGE D'UNE TACHE
 221  1527                                                      ; si tras incrementar quedó negativo o -1 manda signal
 222  1527
 223  1527 C3 72 15                     JP      FINV                     ; CONTINUER
 224  152A
 225  152A
 226  152A E5           SIGNAL          PUSH    HL
 227  152B FD E1                        POP     IY                       ; IY POINTE SEMAPHORE
 228  152D
 229  152D FD 5E 01                     LD      E,(IY + 1)
 230  1530 FD 56 02                     LD      D,(IY + 2)               ; EXTRAIRE 1 CTX FILE SEM
 231  1533 D5                           PUSH    DE
 232  1534 DD E1                        POP     IX                       ; DE,IX POINTENT TACHE DEBLOQ
 233  1536                                                      ; IX/DE = la tarea que estaba en la CABEZA de la cola de
 234  1536                                                      ; espera del semáforo: es la que se va a desbloquear
 235  1536
 236  1536 7E                           LD      A,(HL)
 237  1537 B7                           OR      A
 238  1538 20 12                        JR      NZ,NOVIDEV
 239  153A FD 36 01 00                  LD      (IY + 1),NIL
 240  153E FD 36 02 00                  LD      (IY + 2),NIL
 241  1542 FD 36 03 00                  LD      (IY + 3),NIL
 242  1546 FD 36 04 00                  LD      (IY + 4),NIL             ; LA FILE EST VIDE
 243  154A                                                      ; el contador quedó en 0: no queda nadie más esperando,
 244  154A                                                      ; se limpian todos los punteros de la cola de espera
 245  154A 18 0C                        JR      CONTV
 246  154C DD 6E 00     NOVIDEV         LD      L,(IX + CHTPMS)
 247  154F DD 66 01                     LD      H,(IX + CHTPMS + 1)      ; LA FILE N'EST PAS VIDE
 248  1552 FD 75 01                     LD      (IY + 1),L
 249  1555 FD 74 02                     LD      (IY + 2),H               ; CHAINAGE FILE
 250  1558                                                      ; todavía queda alguien esperando: avanza la cabeza de la
 251  1558                                                      ; cola de espera al que era "siguiente" de la tarea desbloq.
 252  1558
 253  1558 DD 36 00 00  CONTV           LD      (IX + CHTPMS),NIL        ; AJOUTER A FILE TACHES PRETES
 254  155C DD 36 01 00                  LD      (IX + CHTPMS + 1),NIL
 255  1560 DD 36 02 01                  LD      (IX + STATUS),PRET
 256  1564                                                      ; la tarea desbloqueada se agrega al FINAL de la cola de
 257  1564                                                      ; tareas listas (vuelve a competir por CPU normalmente)
 258  1564
 259  1564 DD 2A 0A 10                  LD      IX,(PTRFTP)              ; IX POINTE DERNIERE PRETE
 260  1568 DD 73 00                     LD      (IX + CHTPMS),E
 261  156B DD 72 01                     LD      (IX + CHTPMS + 1),D
 262  156E ED 53 0A 10                  LD      (PTRFTP),DE
 263  1572
 264  1572 D1           FINV            POP     DE
 265  1573 E1                           POP     HL
 266  1574 F1                           POP     AF
 267  1575
 268  1575 FB                           EI
 269  1576 C9                           RET
 270  1577
 271  1577
 272  1577              ;***************************************************************************
 273  1577              ;
 274  1577              ; PRIMITIVE INISEM(#SEMAPHORE,CPTE)               INITIALISATION SEMAPHORE
 275  1577              ;
 276  1577 F3           INISEM          DI
 277  1578
 278  1578 F5                           PUSH    AF
 279  1579 C5                           PUSH    BC
 280  157A D5                           PUSH    DE
 281  157B E5                           PUSH    HL
 282  157C DD E5                        PUSH    IX
 283  157E
 284  157E CD 0E 15                     CALL    RECHSEM                  ; HL POINTE SEMAPHORE
 285  1581
 286  1581 E5                           PUSH    HL
 287  1582 DD E1                        POP     IX
 288  1584 DD 70 00                     LD      (IX + 0),B               ; INITIALISATION COMPTE
 289  1587 DD 36 01 00                  LD      (IX + 1),NIL             ; INITIALISATION POINTEURS
 290  158B DD 36 02 00                  LD      (IX + 2),NIL             ; (cabeza y cola de la cola de espera = vacía)
 291  158F DD 36 03 00                  LD      (IX + 3),NIL
 292  1593 DD 36 04 00                  LD      (IX + 4),NIL
 293  1597
 294  1597 DD E1                        POP     IX
 295  1599 E1                           POP     HL
 296  159A D1                           POP     DE
 297  159B C1                           POP     BC
 298  159C F1                           POP     AF
 299  159D
 300  159D FB                           EI
 301  159E C9                           RET
 302  159F
 303  159F
 304  159F              ;***************************************************************************
 305  159F              ;
 306  159F              ; DISPATCHER                              -> aquí ocurre el cambio de contexto real entre tareas
 307  159F              ;
 308  159F              ; APPELLE PAR :  PRIMITIVE P LORS D'UN BLOCAGE
 309  159F              ;                PRIMITIVE PASS SI FILE TACHES PRETES NON VIDE
 310  159F              ;
 311  159F 00 00        STOSP           .BLOCK  2                        ; GARAGE TEMPORAL SP
 312  15A1 F3           DISP            DI
 313  15A2
 314  15A2 DD 2A 0C 10                  LD      IX,(PTRTA)               ; SAUVEGARDER CTX TACHE COURS
 315  15A6 ED 73 9F 15                  LD      (STOSP),SP               ;   SEULEMENT SP
 316  15AA 2A 9F 15                     LD      HL,(STOSP)
 317  15AD DD 75 04                     LD      (IX + GARSP),L           ; guarda el SP actual dentro del campo GARSP
 318  15B0 DD 74 05                     LD      (IX + GARSP + 1),H       ; del propio contexto de la tarea que se va
 319  15B3
 320  15B3 2A 08 10     DISPP           LD      HL,(PTRDTP)              ; RESTAURER CTX 1ERE TACHE PRETE
 321  15B6 22 0C 10                     LD      (PTRTA),HL               ; la cabeza de la cola de listas pasa a ser
 322  15B9 E5                           PUSH    HL                       ; ahora "la tarea activa"
 323  15BA DD E1                        POP     IX
 324  15BC DD 36 02 02                  LD      (IX + STATUS),ACTIF
 325  15C0 DD 6E 04                     LD      L,(IX + GARSP)           ; recupera SU stack pointer guardado
 326  15C3 DD 66 05                     LD      H,(IX + GARSP + 1)
 327  15C6 F9                           LD      SP,HL                    ; RESTAURATION SP -> aquí es donde el SP pasa a
 328  15C7                                                      ; apuntar a la pila privada de la nueva tarea
 329  15C7 FD E1                        POP     IY                       ; se recuperan los registros que ESA tarea había
 330  15C9 DD E1                        POP     IX                       ; dejado guardados en su propia pila la última vez
 331  15CB C1                           POP     BC                       ; que se detuvo (por eso todas las primitivas
 332  15CC D1                           POP     DE                       ; empujan siempre los mismos 8 registros, en el
 333  15CD E1                           POP     HL                       ; mismo orden, antes de llamar a DISP)
 334  15CE F1                           POP     AF                       ; RESTAURATION REGISTRES
 335  15CF
 336  15CF FB                           EI
 337  15D0 C9                           RET
 338  15D1
 339  15D1
 340  15D1              ;***************************************************************************
 341  15D1              ;
 342  15D1              ; PRIMITIVE PASS                    ; PASSE LA MAIN  -> cede la CPU voluntariamente si hay otra
 343  15D1                                                      ; tarea lista; si no hay ninguna, sigue corriendo igual
 344  15D1              ;
 345  15D1              ; SI ON VEUT UTILISER "TIME SLICING", IL FAUT ACTIVER "UNITE E/S #0"
 346  15D1              ; LA ROUTINE DE TRAITEMENT D'IT DE L'HORLOGE FERA PASS POUR QUITTER LE
 347  15D1              ; PROCESSEUR A LA TACHE EN COURS
 348  15D1
 349  15D1              ; traducción: si se quiere usar "time slicing", hay que activar la "unidad
 350  15D1              ; de E/S #0"; la rutina de interrupción del reloj hará PASS para quitarle la
 351  15D1              ; CPU a la tarea en curso.
 352  15D1 F5           PASS            PUSH    AF
 353  15D2 E5                           PUSH    HL
 354  15D3 D5                           PUSH    DE
 355  15D4 C5                           PUSH    BC
 356  15D5 DD E5                        PUSH    IX
 357  15D7 FD E5                        PUSH    IY
 358  15D9
 359  15D9 DD 2A 0C 10                  LD      IX,(PTRTA)               ; REGARDER FILE TACHES PRETES
 360  15DD DD 6E 00                     LD      L,(IX + CHTPMS)          ; IX POINTE TACHE ACTIVE
 361  15E0 DD 66 01                     LD      H,(IX + CHTPMS + 1)      ; HL POINTE SUIVANTE TACHE PRETE
 362  15E3 7D                           LD      A,L
 363  15E4 B4                           OR      H
 364  15E5 20 0A                        JR      NZ,CONPASS
 365  15E7                                                      ; si el "siguiente" de la tarea activa es NIL, no hay
 366  15E7                                                      ; ninguna otra tarea lista: no hace falta cambiar de tarea
 367  15E7
 368  15E7 FD E1        FINPASS         POP     IY                       ; FILE TACHES PRETES VIDE
 369  15E9 DD E1                        POP     IX
 370  15EB C1                           POP     BC
 371  15EC D1                           POP     DE
 372  15ED E1                           POP     HL
 373  15EE F1                           POP     AF
 374  15EF
 375  15EF FB                           EI
 376  15F0 C9                           RET                              ; CONTINUER
 377  15F1
 378  15F1 22 08 10     CONPASS         LD      (PTRDTP),HL              ; EXTRAIRE TETE TACHES PRETES
 379  15F4                                                      ; sí había otra tarea lista: esa pasa a ser la nueva cabeza
 380  15F4
 381  15F4 ED 5B 0C 10                  LD      DE,(PTRTA)
 382  15F8 DD 36 00 00                  LD      (IX + CHTPMS),NIL        ; AJOUTER FIN TACHES PRETES
 383  15FC DD 36 01 00                  LD      (IX + CHTPMS + 1),NIL    ; a la tarea que estaba activa se le agrega al
 384  1600 DD 36 02 01                  LD      (IX + STATUS),PRET       ; final de la cola de listas (vuelve a la fila)
 385  1604 2A 0A 10                     LD      HL,(PTRFTP)
 386  1607 E5                           PUSH    HL
 387  1608 FD E1                        POP     IY                       ; IY POINTE FIN TACHES PRETES
 388  160A FD 73 00                     LD      (IY + CHTPMS),E
 389  160D FD 72 01                     LD      (IY + CHTPMS + 1),D
 390  1610 ED 53 0A 10                  LD      (PTRFTP),DE
 391  1614
 392  1614 C3 A1 15                     JP      DISP                     ; REND LA MAIN -> deja que DISP haga el cambio real
 393  1617
 394  1617
 395  1617              ;***************************************************************************
 396  1617              ;
 397  1617              ; PRIMITIVE DEMES(#UNITE)                        DEMANDE E/S
 398  1617                                                      ; pide una E/S: equivale a un P() sobre el semáforo de esa
 399  1617                                                      ; unidad de E/S (los semáforos de E/S viven después de los
 400  1617                                                      ; NBSEM normales dentro de la misma tabla BSEM)
 401  1617              ;
 402  1617 F3           DEMES           DI
 403  1618
 404  1618 C6 14                        ADD     A,NBSEM
 405  161A C3 B1 14                     JP      SEMP                     ; PRIMITIVE P
 406  161D
 407  161D
 408  161D              ;***************************************************************************
 409  161D              ;                                                 SIGNAL NON MEMORISE
 410  161D                                                      ; señala que una E/S terminó: equivale a un V(), pero además
 411  161D                                                      ; apaga el watchdog de esa unidad y anota que no fue el reloj
 412  161D                                                      ; quien la despertó
 413  161D              ;                                                 A NON DETRUIT A LA SORTIE
 414  161D F3           FINES           DI
 415  161E
 416  161E E5                           PUSH    HL
 417  161F D5                           PUSH    DE
 418  1620 DD E5                        PUSH    IX
 419  1622
 420  1622 5F                           LD      E,A
 421  1623 16 00                        LD      D,0
 422  1625 21 BE 13                     LD      HL,INREVM
 423  1628 19                           ADD     HL,DE
 424  1629 36 00                        LD      (HL),FALSE                ; NON REVEILLE PAR HORLOGE
 425  162B                                                      ; marca que ESTA E/S no fue despertada por el reloj (sino
 426  162B                                                      ; por un FINES llamado a mano, como aquí)
 427  162B
 428  162B C6 14                        ADD     A,NBSEM
 429  162D F5                           PUSH    AF
 430  162E CD 0E 15                     CALL    RECHSEM                  ; ubica el semáforo de E/S correspondiente
 431  1631 E5                           PUSH    HL
 432  1632 DD E1                        POP     IX                       ; IX POINTE SEMAPHORE
 433  1634 DD 36 05 00                  LD      (IX + 5),FALSE            ; INHIBITION T.D. -> apaga su watchdog
 434  1638 DD 7E 00                     LD      A,(IX + 0)               ; A = OPTEUR SEMAPHORE
 435  163B B7                           OR      A
 436  163C CA 46 16                     JP      Z,APV
 437  163F                                                      ; si el contador ya estaba en 0 antes de sumarle nada, había
 438  163F                                                      ; una tarea esperando: hace falta el V() completo (con colas)
 439  163F
 440  163F F1                           POP     AF                       ; si no era 0 (nadie esperaba todavía), basta con
 441  1640 DD E1                        POP     IX                       ; salir sin tocar las colas
 442  1642 D1                           POP     DE
 443  1643 E1                           POP     HL
 444  1644
 445  1644 FB                           EI
 446  1645 C9                           RET
 447  1646
 448  1646 F1           APV             POP     AF
 449  1647 DD E1                        POP     IX
 450  1649 D1                           POP     DE
 451  164A E1                           POP     HL
 452  164B
 453  164B C3 19 15                     JP      V
 454  164E                                                      ; A ya trae el número de semáforo correcto: reutiliza V
 455  164E
 456  164E
 457  164E              ;***************************************************************************
 458  164E              ;
 459  164E              ; PRIMITIVE INIES(#UNITE)                        INITIALISATION SEMAPHORE E/S A 0
 460  164E                                                      ; deja en 0 el semáforo/contador de la unidad de E/S #UNITE
 461  164E              ;
 462  164E F3           INIES           DI
 463  164F
 464  164F F5                           PUSH    AF
 465  1650 E5                           PUSH    HL
 466  1651 D5                           PUSH    DE
 467  1652 DD E5                        PUSH    IX
 468  1654
 469  1654 5F                           LD      E,A
 470  1655 16 00                        LD      D,0
 471  1657 21 BE 13                     LD      HL,INREVM
 472  165A 19                           ADD     HL,DE
 473  165B 36 00                        LD      (HL),FALSE                ; NON REVEILLE PAR HORLOGE
 474  165D
 475  165D C6 14                        ADD     A,NBSEM
 476  165F CD 0E 15                     CALL    RECHSEM
 477  1662 E5                           PUSH    HL
 478  1663 DD E1                        POP     IX                       ; IX POINTE SEMAPHORE
 479  1665
 480  1665 DD 36 00 00                  LD      (IX + 0),0               ; OPTEUR = 0
 481  1669 DD 36 01 00                  LD      (IX + 1),NIL
 482  166D DD 36 02 00                  LD      (IX + 2),NIL             ; (cabeza y cola de la cola de espera = vacía)
 483  1671 DD 36 03 00                  LD      (IX + 3),NIL
 484  1675 DD 36 04 00                  LD      (IX + 4),NIL
 485  1679 DD 36 05 00                  LD      (IX + 5),FALSE            ; INHIBITION T.D.
 486  167D
 487  167D DD E1                        POP     IX
 488  167F D1                           POP     DE
 489  1680 E1                           POP     HL
 490  1681 F1                           POP     AF
 491  1682
 492  1682 FB                           EI
 493  1683 C9                           RET
 494  1684
 495  1684
 496  1684              ;***************************************************************************
 497  1684              ;
 498  1684              ; PRIMITIVE ARMERH(COMPTE,#UNITE)                 INITIALISATION OPTEUR T.D.
 499  1684                                                      ; carga la cuenta regresiva del watchdog de una unidad de
 500  1684                                                      ; E/S, SIN activarlo todavía (eso lo hace ACTIVH aparte)
 501  1684              ;
 502  1684 F3           ARMERH          DI
 503  1685
 504  1685 F5                           PUSH    AF
 505  1686 E5                           PUSH    HL
 506  1687 D5                           PUSH    DE
 507  1688 C5                           PUSH    BC
 508  1689 DD E5                        PUSH    IX
 509  168B
 510  168B 5F                           LD      E,A
 511  168C 16 00                        LD      D,0
 512  168E 21 BE 13                     LD      HL,INREVM
 513  1691 19                           ADD     HL,DE
 514  1692 36 00                        LD      (HL),FALSE                ; NON REVEILLE PAR HORLOGE
 515  1694
 516  1694 C6 14                        ADD     A,NBSEM
 517  1696 CD 0E 15                     CALL    RECHSEM
 518  1699 E5                           PUSH    HL
 519  169A DD E1                        POP     IX
 520  169C DD 36 05 00                  LD      (IX + 5),FALSE
 521  16A0 DD 71 06                     LD      (IX + 6),C               ; INITIALISATION OPTEUR
 522  16A3 DD 70 07                     LD      (IX + 7),B
 523  16A6
 524  16A6 DD E1                        POP     IX
 525  16A8 C1                           POP     BC
 526  16A9 D1                           POP     DE
 527  16AA E1                           POP     HL
 528  16AB F1                           POP     AF
 529  16AC
 530  16AC FB                           EI
 531  16AD C9                           RET
 532  16AE
 533  16AE
 534  16AE              ;***************************************************************************
 535  16AE              ;
 536  16AE              ; PRIMITIVE ACTIVH(#UNITE)                        ACTIVATION T.D.
 537  16AE                                                      ; activa el watchdog de la unidad: a partir de ahora, en
 538  16AE                                                      ; cada interrupción del reloj (RTITCTC) se le va a decrementar
 539  16AE                                                      ; la cuenta que le cargó ARMERH
 540  16AE
 541  16AE F3           ACTIVH          DI
 542  16AF
 543  16AF F5                           PUSH    AF
 544  16B0 E5                           PUSH    HL
 545  16B1 D5                           PUSH    DE
 546  16B2 DD E5                        PUSH    IX
 547  16B4
 548  16B4 C6 14                        ADD     A,NBSEM
 549  16B6 CD 0E 15                     CALL    RECHSEM
 550  16B9 E5                           PUSH    HL
 551  16BA DD E1                        POP     IX
 552  16BC
 553  16BC DD 36 05 01                  LD      (IX + 5),TRUE
 554  16C0
 555  16C0 DD E1                        POP     IX
 556  16C2 D1                           POP     DE
 557  16C3 E1                           POP     HL
 558  16C4 F1                           POP     AF
 559  16C5
 560  16C5 FB                           EI
 561  16C6 C9                           RET
 562  16C7
 563  16C7
 564  16C7              ;***************************************************************************
 565  16C7              ;
 566  16C7              ; PRIMITIVE SUSPH(#UNITE)                         SUSPENSION TEMPORAL T.D.
 567  16C7                                                      ; suspende (desactiva) el watchdog de una unidad de E/S, sin
 568  16C7                                                      ; tocar su cuenta (se puede reactivar más tarde con ACTIVH)
 569  16C7
 570  16C7 F3           SUSPH           DI
 571  16C8
 572  16C8 F5                           PUSH    AF
 573  16C9 E5                           PUSH    HL
 574  16CA D5                           PUSH    DE
 575  16CB DD E5                        PUSH    IX
 576  16CD
 577  16CD C6 14                        ADD     A,NBSEM
 578  16CF CD 0E 15                     CALL    RECHSEM
 579  16D2 E5                           PUSH    HL
 580  16D3 DD E1                        POP     IX
 581  16D5
 582  16D5 DD 36 05 00                  LD      (IX + 5),FALSE            ; INHIBITION T.D.
 583  16D9
 584  16D9 DD E1                        POP     IX
 585  16DB D1                           POP     DE
 586  16DC E1                           POP     HL
 587  16DD F1                           POP     AF
 588  16DE
 589  16DE FB                           EI
 590  16DF C9                           RET
 591  16E0
 592  16E0
 593  16E0              ;***************************************************************************
 594  16E0              ;
 595  16E0              ; PRIMITIVE CREER(@DEBUT,ACTX)                    CREATION CTX
 596  16E0                                                      ; crea una tarea nueva a partir de una dirección de inicio de
 597  16E0                                                      ; código (@DEBUT); usa el siguiente bloque libre de INICTX
 598  16E0
 599  16E0 F3           CREER           DI
 600  16E1
 601  16E1 DD E5                        PUSH    IX
 602  16E3 E5                           PUSH    HL
 603  16E4 D5                           PUSH    DE
 604  16E5 E5                           PUSH    HL                       ; se guarda @DEBUT dos veces: una para usarla ya,
 605  16E6                                                      ; otra para recuperarla más abajo
 606  16E6
 607  16E6 DD 2A 04 10                  LD      IX,(PTRCTXL)             ; IX POINTE CTX LIBRE
 608  16EA
 609  16EA 2A 04 10                     LD      HL,(PTRCTXL)
 610  16ED 1E 24                        LD      E,LONGDCTX
 611  16EF 16 00                        LD      D,0
 612  16F1 19                           ADD     HL,DE                    ; HL POINTE CTX SUIVANT
 613  16F2 22 04 10                     LD      (PTRCTXL),HL             ; ACTUALISATION PTRCTXL
 614  16F5
 615  16F5 2B                           DEC     HL                       ; HL POINTE FOND FILE
 616  16F6                                                      ; HL queda apuntando al ÚLTIMO byte del bloque recién
 617  16F6                                                      ; reservado (el fondo de la pila de esta tarea, ya que la
 618  16F6                                                      ; pila del Z80 crece hacia direcciones menores)
 619  16F6 EB                           EX      DE,HL
 620  16F7 E1                           POP     HL
 621  16F8 E5                           PUSH    HL                       ; @ DEBUT PGM
 622  16F9 EB                           EX      DE,HL
 623  16FA 72                           LD      (HL),D                   ; DE = @ DEBUT PGM
 624  16FB 2B                           DEC     HL
 625  16FC 73                           LD      (HL),E                   ; @ DEBUT AU FOND PILE
 626  16FD                                                      ; escribe la dirección de inicio del programa (@DEBUT) al
 627  16FD                                                      ; fondo de la pila de la nueva tarea, para que el DISPATCHER
 628  16FD                                                      ; "salte" ahí (con su POP+RET/POP AF final) la primera vez
 629  16FD 06 06                        LD      B,6                      ; INITIALISATION REGISTRES A 0
 630  16FF 2B           INIREG          DEC     HL
 631  1700 36 00                        LD      (HL),0
 632  1702 2B                           DEC     HL
 633  1703 36 00                        LD      (HL),0
 634  1705 10 F8                        DJNZ    INIREG
 635  1707                                                      ; inicializa en 0 los 6 registros de 16 bits restantes
 636  1707                                                      ; (AF,BC,DE,HL,IX,IY) que DISP hará POP la primera vez
 637  1707
 638  1707 DD 75 04                     LD      (IX + GARSP),L
 639  170A DD 74 05                     LD      (IX + GARSP + 1),H      ; INITIALISATION SP -> guarda el SP inicial de la
 640  170D                                                      ; tarea, apuntando al tope de su pila ya preparada
 641  170D
 642  170D DD 36 02 01                  LD      (IX + STATUS),PRET       ; ETAT = PRET -> la tarea nace lista para ejecutar
 643  1711
 644  1711 DD 36 00 00                  LD      (IX + CHTPMS),NIL        ; CHAINAGE TACHES PRETES
 645  1715 DD 36 01 00                  LD      (IX + CHTPMS + 1),NIL
 646  1719 3A 06 10                     LD      A,(NBCTX)
 647  171C B7                           OR      A                        ; FILE VIDE ?
 648  171D 20 0A                        JR      NZ,FTPNV
 649  171F DD 22 08 10                  LD      (PTRDTP),IX              ; FILE VIDE -> es la primera tarea: ella misma es
 650  1723 DD 22 0A 10                  LD      (PTRFTP),IX              ; cabeza y cola de la cola de listas
 651  1727 18 11                        JR      SUITCREAR
 652  1729 DD E5        FTPNV           PUSH    IX                       ; FILE NON VIDE -> ya había tareas: se agrega al
 653  172B D1                           POP     DE                       ; DE POINTE CTX A CREER   final de la cola
 654  172C DD 2A 0A 10                  LD      IX,(PTRFTP)              ; IX POINTE DERNIERE PRETE
 655  1730 DD 73 00                     LD      (IX + CHTPMS),E
 656  1733 DD 72 01                     LD      (IX + CHTPMS + 1),D
 657  1736 ED 53 0A 10                  LD      (PTRFTP),DE
 658  173A
 659  173A E1           SUITCREAR       POP     HL
 660  173B D1                           POP     DE
 661  173C C1                           POP     BC
 662  173D DD E1                        POP     IX
 663  173F
 664  173F 3A 06 10                     LD      A,(NBCTX)
 665  1742 3C                           INC     A
 666  1743 32 06 10                     LD      (NBCTX),A                ; incrementa el contador global de tareas creadas
 667  1746
 668  1746 FB                           EI
 669  1747 C9                           RET
 670  1748
 671  1748
 672  1748              ;***************************************************************************
 673  1748              ;
 674  1748              ; PRIMITIVE DETRUIX(#CTX)                          -> destruye una tarea existente
 675  1748                                                                ; #CTX > 0
 676  1748 F3           DETRUIX         DI
 677  1749
 678  1749 F5                           PUSH    AF
 679  174A E5                           PUSH    HL
 680  174B D5                           PUSH    DE
 681  174C C5                           PUSH    BC
 682  174D DD E5                        PUSH    IX
 683  174F FD E5                        PUSH    IY
 684  1751
 685  1751 21 EE 10                     LD      HL,INICTX                ; RECHERCHE CTX
 686  1754 1E 24                        LD      E,LONGDCTX
 687  1756 16 00                        LD      D,0
 688  1758 47                           LD      B,A
 689  1759 19           BUSCTX          ADD     HL,DE
 690  175A 10 FD                        DJNZ    BUSCTX                    ; HL POINTE CTX A DETRUIRE
 691  175C                                                      ; recorre INICTX en pasos de LONGDCTX (tamaño total del bloque)
 692  175C                                                      ; para llegar al bloque de la tarea #A.
 693  175C 4D                           LD      C,L
 694  175D 44                           LD      B,H
 695  175E C5                           PUSH    BC
 696  175F DD E1                        POP     IX                        ; BC,IX POINTENT A CTX
 697  1761
 698  1761 DD 7E 02                     LD      A,(IX + STATUS)
 699  1764 DD 36 02 00                  LD      (IX + STATUS),NONCREE
 700  1768 FE 03                        CP      BLOQUEO                    ; TACHE BLOQUEE ?
 701  176A 28 14                        JR      Z,TCHBLQ
 702  176C
 703  176C CD E4 17                     CALL    DECHAIN                   ; TACHE PRETE, DECHAINAGE
 704  176F DD 7E 00                     LD      A,(IX + CHTPMS)           ; DERNIERE ?
 705  1772 DD B6 01                     OR      (IX + CHTPMS + 1)
 706  1775 20 63                        JR      NZ,FINDET                 ; PAS DERNIERE
 707  1777 FD E5                        PUSH    IY                        ; DERNIERE
 708  1779 D1                           POP     DE
 709  177A ED 53 0A 10                  LD      (PTRFTP),DE
 710  177E 18 5A                        JR      FINDET
 711  1780
 712  1780 DD 7E 03     TCHBLQ          LD      A,(IX + SEMAT)            ; TACHE BLOQUEE
 713  1783 CD 0E 15                     CALL    RECHSEM
 714  1786 EB                           EX      DE,HL
 715  1787 D5                           PUSH    DE
 716  1788 FD E1                        POP     IY                        ; DE,IY POINTENT SEMAPHORE
 717  178A
 718  178A FD 34 00                     INC     (IY + 0)                  ; OPTEUR = OPTEUR + 1
 719  178D 20 16                        JR      NZ,NOVIDBL                ; FILE VIDE ?
 720  178F
 721  178F FD 36 01 00                  LD      (IY + 1),NIL              ; FILE VIDE
 722  1793 FD 36 02 00                  LD      (IY + 2),NIL
 723  1797 FD 36 03 00                  LD      (IY + 3),NIL
 724  179B FD 36 04 00                  LD      (IY + 4),NIL
 725  179F FD 36 05 00                  LD      (IY + 5),FALSE
 726  17A3 18 35                        JR      FINDET
 727  17A5
 728  17A5 FD 6E 01     NOVIDBL         LD      L,(IY + 1)                ; FILE NON VIDE
 729  17A8 FD 66 02                     LD      H,(IY + 2)                ; EN TETE ?
 730  17AB 7D                           LD      A,L
 731  17AC FE 00                        CP      0
 732  17AE 20 0E                        JR      NZ,STELIM
 733  17B0
 734  17B0 DD 7E 00                     LD      A,(IX + CHTPMS)           ; EN TETE
 735  17B3 FD 77 01                     LD      (IY + 1),A
 736  17B6 DD 7E 01                     LD      A,(IX + CHTPMS + 1)      ; (IY+1)/(IY+2) = puntero de 16 bits a la cabeza de
 737  17B9 FD 77 02                     LD      (IY + 2),A                ; la cola de espera: el byte alto va en (IY+2)
 738  17BC 18 05                        JR      ULTFIL
 739  17BE
 740  17BE FD E5        STELIM          PUSH    IY                        ; PAS EN TETE, GARDER PTR SEM
 741  17C0 CD E4 17                     CALL    DECHAIN                    ; DECHAINAGE
 742  17C3
 743  17C3 DD 7E 00     ULTFIL          LD      A,(IX + CHTPMS)            ; DERNIERE ?
 744  17C6 DD B6 01                     OR      (IX + CHTPMS + 1)
 745  17C9 20 0D                        JR      NZ,FINDET1
 746  17CB
 747  17CB FD E5                        PUSH    IY                          ; DERNIERE
 748  17CD D1                           POP     DE                          ; DE POINTE NOUVELLE DERNIERE
 749  17CE FD E1                        POP     IY                          ; RECUPERATION PTR SEMAPHORE
 750  17D0 FD 73 03                     LD      (IY + 3),E
 751  17D3 FD 72 04                     LD      (IY + 4),D                  ; NOUVEAU CHAINAGE
 752  17D6 18 02                        JR      FINDET
 753  17D8
 754  17D8 FD E1        FINDET1         POP     IY                          ; RECUPERATION PTR SEMAPHORE
 755  17DA
 756  17DA FD E1        FINDET          POP     IY
 757  17DC DD E1                        POP     IX
 758  17DE C1                           POP     BC
 759  17DF D1                           POP     DE
 760  17E0 E1                           POP     HL
 761  17E1 F1                           POP     AF
 762  17E2
 763  17E2 FB                           EI
 764  17E3 C9                           RET
 765  17E4
 766  17E4
 767  17E4              ;
 768  17E4              ; SOUSPROGRAMME DECHAIN
 769  17E4              ;                         FAIT LE DECHAINAGE DE LA TACHE A DETRUIRE
 770  17E4              ;                         CETTE TACHE NE DOIT PAS ETRE AU DEBUT D'UNE FILE
 771  17E4              ;
 772  17E4              ;                         IX,BC DOIVENT POINTER TACHE A DECHAINER
 773  17E4              ;                         IY POINTE TACHE QUI POINTE TACHE A DETRUIRE
 774  17E4              ;                         A LA SORTIE
 775  17E4              ;                         AF,HL,DE SONT DETRUITS
 776  17E4
 777  17E4 FD 21 EE 10  DECHAIN         LD      IY,INICTX
 778  17E8 1E 24                        LD      E,LONGDCTX               ; paso entre bloques = tamaño TOTAL del bloque
 779  17EA 16 00                        LD      D,0
 780  17EC
 781  17EC FD 6E 00     BOUX            LD      L,(IY + CHTPMS)             ; RECHERCHE CTX QUI POINTE
 782  17EF FD 66 01                     LD      H,(IY + CHTPMS + 1)         ;   CTX A DECHAINER
 783  17F2 79                           LD      A,C
 784  17F3 BD                           CP      L
 785  17F4 20 04                        JR      NZ,ADDIX
 786  17F6 78                           LD      A,B
 787  17F7 BC                           CP      H
 788  17F8 28 04                        JR      Z,TROUVE                    ; ¿el puntero "siguiente" de este bloque
 789  17FA                                                      ; coincide con la dirección de la tarea buscada (BC)?
 790  17FA FD 19        ADDIX           ADD     IY,DE                        ; si no, avanza al siguiente bloque de INICTX
 791  17FC 18 EE                        JR      BOUX
 792  17FE
 793  17FE DD 7E 00     TROUVE          LD      A,(IX + CHTPMS)              ; TROUVE, DECHAINAGE
 794  1801 FD 77 00                     LD      (IY + CHTPMS),A
 795  1804 DD 7E 01                     LD      A,(IX + CHTPMS + 1)
 796  1807 FD 77 01                     LD      (IY + CHTPMS + 1),A
 797  180A
 798  180A C9                           RET
 799  180B
 800  180B
 801  180B              ;***************************************************************************
 802  180B              ;
 803  180B              ; INITIALISATION MONITEUR
 804  180B              ;
 805  180B F3           DEBMON          DI
 806  180C
 807  180C 31 E4 13                     LD      SP,PPILSYS                ; INITIALISATION SP -> usa la pila de arranque
 808  180F                                                      ; del sistema (PILSYS), la única que existe antes de crear
 809  180F                                                      ; ninguna tarea
 810  180F
 811  180F 21 E7 13                     LD      HL,CONSBUF
 812  1812 22 AF 14                     LD      (CONSPTR),HL              ; INITIALISATION CONSOLA SIMULADA
 813  1815
 814  1815 3E 00                        LD      A,0
 815  1817 32 06 10                     LD      (NBCTX),A                 ; INITIALISATION NB CTX -> todavía no hay tareas
 816  181A
 817  181A 21 EE 10                     LD      HL,INICTX
 818  181D 22 04 10                     LD      (PTRCTXL),HL              ; INITIALISATION PTR CTX -> el primer bloque
 819  1820                                                      ; libre es el principio de la tabla de contextos
 820  1820
 821  1820 22 0C 10                     LD      (PTRTA),HL                ; TACHE ACTIVE = TACHE FOND
 822  1823 21 2C 18                     LD      HL,TACHFON                ; CREATION TACHE FOND
 823  1826 CD E0 16                     CALL    CREER
 824  1829
 825  1829 C3 A1 15                     JP      DISP                      ; ACTIVATION TACHE FOND -> arranca todo activando
 826  182C                                                      ; la primera (y única, por ahora) tarea que existe
 827  182C
 828  182C
 829  182C              ;***************************************************************************
 830  182C              ;
 831  182C              ; TACHE DE FOND                                    -> tarea de fondo: prepara periféricos,
 832  182C              ;                                                     arma el time-slicing y crea las tareas T1..T3
 833  182C              ;
 834  182C CD 51 18     TACHFON         CALL    INIPER                    ; INIT PERIPHERIQUES
 835  182F
 836  182F 01 02 00                     LD      BC,0002H
 837  1832 3E 00                        LD      A,0
 838  1834 CD 84 16                     CALL    ARMERH                    ; TIME SLICING -> arma (con cuenta chica) y activa
 839  1837 CD AE 16                     CALL    ACTIVH                    ; el watchdog de la unidad 0, reservada para el
 840  183A                                                      ; reparto de CPU por tiempo (ver comentario en PASS y RTITCTC)
 841  183A
 842  183A 21 33 19                     LD      HL,T1                      ; CREATION TACHE 1
 843  183D CD E0 16                     CALL    CREER
 844  1840 21 52 19                     LD      HL,T2                      ; CREATION TACHE 2
 845  1843 CD E0 16                     CALL    CREER
 846  1846 21 71 19                     LD      HL,T3                      ; CREATION TACHE 3
 847  1849 CD E0 16                     CALL    CREER
 848  184C
 849  184C CD D1 15     SIEMPRE         CALL    PASS                       ; BOUCLE TOUJOURS
 850  184F 18 FB                        JR      SIEMPRE
 851  1851                                                      ; la tarea de fondo se convierte en la tarea "idle": cede la
 852  1851                                                      ; CPU una y otra vez a quien esté listo, para siempre
 853  1851
 854  1851
 855  1851              ;
 856  1851 21 E5 13     INIPER          LD      HL,TARTIT                  ; INITIALISATION REGISTRE I
 857  1854 7C                           LD      A,H                        ; carga en el registro I la página alta de la
 858  1855 ED 47                        LD      I,A                        ; tabla de vectores (modo IM 2 del Z80)
 859  1857
 860  1857 CD 68 18                     CALL    INICTC                     ; INITIALISATION CTC
 861  185A CD 61 18                     CALL    INVSIO                     ; INVALIDATION IT SIO
 862  185D
 863  185D ED 5E                        IM      2                          ; modo de interrupción 2: usa tabla de vectores
 864  185F FB                           EI
 865  1860 C9                           RET
 866  1861
 867  1861
 868  1861              ;
 869  1861              ; INVALIDATION IT SIO
 870  1861              ;
 871  1861 3E D0        INVSIO          LD      A,0D0H                    ; deshabilita las interrupciones del chip SIO
 872  1863 D3 79                        OUT     (079H),A                   ; (no se usa en este programa)
 873  1865 D3 7B                        OUT     (07BH),A
 874  1867 C9                           RET
 875  1868
 876  1868
 877  1868              ;
 878  1868              ; INITIALISATION CTC
 879  1868              ;
 880  1868 21 E5 13     INICTC          LD      HL,TARTIT
 881  186B 11 90 18                     LD      DE,RTITCTC
 882  186E 73                           LD      (HL),E                     ; @ ROUTINE TRAITEMENTS D'IT DU
 883  186F 23                           INC     HL                          ; CTC A LA TABLE D'ADRESSES IT
 884  1870 72                           LD      (HL),D
 885  1871                                                      ; registra la dirección de RTITCTC (la rutina de interrupción
 886  1871                                                      ; del CTC) en la tabla de vectores TARTIT
 887  1871
 888  1871 DD 21 0E 10                  LD      IX,BSEM
 889  1875 1E 08                        LD      E,8                          ; cada entrada de BSEM mide 8 bytes
 890  1877 16 00                        LD      D,0
 891  1879 06 1C                        LD      B,SEMPES
 892  187B DD 36 05 00  FS              LD      (IX + 5),FALSE              ; T.D. INACTIFS
 893  187F DD 19                        ADD     IX,DE
 894  1881 10 F8                        DJNZ    FS
 895  1883                                                      ; deja todos los watchdogs (temporizadores) de todos los
 896  1883                                                      ; semáforos inactivos al arrancar
 897  1883
 898  1883 3E 00                        LD      A,0
simulacion.asm(899): warning: value 0x7C0 is truncated to 8bit value: 0xC0
 899  1885 D3 C0                        OUT     (H0),A                     ; VECTEUR IT AU CTC
 900  1887                                                                   ; L = 0
 901  1887 3E B7                        LD      A,0B7H
simulacion.asm(902): warning: value 0x7C0 is truncated to 8bit value: 0xC0
 902  1889 D3 C0                        OUT     (H0),A                      ; MODE D'OPERATION
 903  188B
 904  188B 3E 00                        LD      A,0
simulacion.asm(905): warning: value 0x7C0 is truncated to 8bit value: 0xC0
 905  188D D3 C0                        OUT     (H0),A                      ; CONSTANT DE TEMPS
 906  188F                                                      ; programa el canal 0 del CTC: vector de interrupción, modo
 907  188F                                                      ; de operación y la constante de tiempo (cuenta del timer)
 908  188F
 909  188F C9                           RET
 910  1890
 911  1890
 912  1890              ;***************************************************************************
 913  1890              ;
 914  1890              ; ROUTINE DE TRAITEMENT D'IT DU CTC
 915  1890              ;
 916  1890              ; VERIFIER SI IL Y A DE TACHES A REVEILLER
 917  1890              ; CONSULTER TEMPS DE TIMER ET DEMARRER
 918  1890
 919  1890 F5           RTITCTC         PUSH    AF
 920  1891 E5                           PUSH    HL
 921  1892 D5                           PUSH    DE
 922  1893 C5                           PUSH    BC
 923  1894 DD E5                        PUSH    IX
 924  1896 FD E5                        PUSH    IY
 925  1898
 926  1898 DD 21 0E 10                  LD      IX,BSEM                    ; RECHERCHE SEM E/S
 927  189C 3E 14                        LD      A,NBSEM
 928  189E 07                           RLCA
 929  189F 07                           RLCA
 930  18A0 07                           RLCA                                ; NBSEM*8 = dónde empiezan los semáforos de E/S
 931  18A1 5F                           LD      E,A
 932  18A2 16 00                        LD      D,0
 933  18A4 DD 19                        ADD     IX,DE
 934  18A6 DD E5                        PUSH    IX
 935  18A8 FD E1                        POP     IY                          ; IY POINTE SEM E/S 0 (la reservada al
 936  18AA                                                      ; time-slicing, ver TACHFON)
 937  18AA
 938  18AA 1E 08                        LD      E,8
 939  18AC 16 00                        LD      D,0
 940  18AE DD 19                        ADD     IX,DE
 941  18B0 21 BE 13                     LD      HL,INREVM
 942  18B3 23                           INC     HL
 943  18B4 06 07                        LD      B,NBES - 1
 944  18B6 0E 01                        LD      C,1                          ; IX POINTE SEM E/S 1
 945  18B8                                                                     ; HL POINTE IND. DE REVEIL
 946  18B8                                                      ; recorre las unidades de E/S 1..NBES-1 (la 0 se trata aparte
 947  18B8                                                      ; más abajo, sólo para time-slicing)
 948  18B8
 949  18B8 DD 7E 05     REVISAR         LD      A,(IX + 5)                   ; EN ATTENTE DE REVEIL ?
 950  18BB FE 00                        CP      FALSE
 951  18BD 28 1B                        JR      Z,SUSEMES                    ; si su watchdog no está activo, sigue con la
 952  18BF                                                      ; siguiente unidad
 953  18BF
 954  18BF DD 5E 06                     LD      E,(IX + 6)                   ; OUI
 955  18C2 DD 56 07                     LD      D,(IX + 7)
 956  18C5 1B                           DEC     DE                           ; decrementa su cuenta regresiva de 16 bits
 957  18C6 DD 73 06                     LD      (IX + 6),E
 958  18C9 DD 72 07                     LD      (IX + 7),D                   ; T.D. ?
 959  18CC 7B                           LD      A,E
 960  18CD B2                           OR      D
 961  18CE 20 0A                        JR      NZ,SUSEMES                   ; ¿llegó a 0?
 962  18D0
 963  18D0 79                           LD      A,C                          ; OUI
 964  18D1 CD 1D 16                     CALL    FINES                        ; REVEIL -> "se acabó el tiempo" de esta unidad:
 965  18D4 36 01                        LD      (HL),TRUE                    ; REVEILLE PAR L'HORLOGE   despierta a quien la
 966  18D6 DD 36 05 00                  LD      (IX + 5),FALSE               ; esperaba y apaga su watchdog
 967  18DA
 968  18DA 23           SUSEMES         INC     HL                           ; CONTINUER A VERIFIER T.D.
 969  18DB 1E 08                        LD      E,8
 970  18DD 16 00                        LD      D,0
 971  18DF DD 19                        ADD     IX,DE
 972  18E1 0C                           INC     C
 973  18E2 10 D4                        DJNZ    REVISAR
 974  18E4
 975  18E4 FD 7E 05                     LD      A,(IY + 5)                   ; TIME SLICING ?
 976  18E7 FE 01                        CP      TRUE
 977  18E9 20 1C                        JR      NZ,FINITH                    ; si el time-slicing no está activo, no hay
 978  18EB                                                      ; nada más que hacer: regresar normal de la interrupción
 979  18EB
 980  18EB FD 5E 06                     LD      E,(IY + 6)                   ; OUI
 981  18EE FD 56 07                     LD      D,(IY + 7)
 982  18F1 1B                           DEC     DE                           ; decrementa el contador de la rebanada de tiempo
 983  18F2 FD 73 06                     LD      (IY + 6),E
 984  18F5 FD 72 07                     LD      (IY + 7),D                   ; FIN TRANCHE ?
 985  18F8 7B                           LD      A,E
 986  18F9 B2                           OR      D
 987  18FA 20 0B                        JR      NZ,FINITH                    ; ¿se acabó la rebanada?
 988  18FC
 989  18FC 11 64 00                     LD      DE,TT                        ; OUI
 990  18FF FD 73 06                     LD      (IY + 6),E                   ; recarga el contador con una rebanada nueva
 991  1902 FD 72 07                     LD      (IY + 7),D
 992  1905 18 0B                        JR      TEMPART                      ; y fuerza un cambio de tarea (preemption)
 993  1907
 994  1907 FD E1        FINITH          POP     IY                           ; caso normal: no hay que forzar cambio de
 995  1909 DD E1                        POP     IX                           ; tarea, sólo restaurar registros y volver
 996  190B C1                           POP     BC
 997  190C D1                           POP     DE
 998  190D E1                           POP     HL
 999  190E F1                           POP     AF
1000  190F
1001  190F FB                           EI
1002  1910 ED 4D                        RETI
1003  1912
1004  1912 21 18 19     TEMPART         LD      HL,TIMSLIC                   ; FAIRE PASS
1005  1915 E5                           PUSH    HL                           ; "engaña" al RETI empujando la dirección de
1006  1916 ED 4D                        RETI                                 ; TIMSLIC, para saltar ahí después de retornar
1007  1918
1008  1918 FD E1        TIMSLIC         POP     IY                           ; se restauran los registros normalmente...
1009  191A DD E1                        POP     IX
1010  191C C1                           POP     BC
1011  191D D1                           POP     DE
1012  191E E1                           POP     HL
1013  191F F1                           POP     AF
1014  1920
1015  1920 C3 D1 15                     JP      PASS                         ; ...y se fuerza un PASS: cambio de tarea
1016  1923                                                      ; preventivo (esto es lo que hace real el time-slicing)
1017  1923
1018  1923
1019  1923              ;***************************************************************************
1020  1923              ;
1021  1923              ; PRINTC                                   RUTINA DE CONSOLA SIMULADA
1022  1923              ;                                           ENTREE  C = caracter a "imprimir"
1023  1923              ;                                           No destruye ningún registro (salvo flags).
1024  1923              ;
1025  1923 F5           PRINTC          PUSH    AF
1026  1924 E5                           PUSH    HL
1027  1925
1028  1925 79                           LD      A,C
1029  1926 D3 FF                        OUT     (CONSOLE_PORT),A          ; salida por puerto, para emuladores que lo simulen
1030  1928
1031  1928 2A AF 14                     LD      HL,(CONSPTR)
1032  192B 77                           LD      (HL),A                    ; y además se guarda en CONSBUF, en orden
1033  192C 23                           INC     HL
1034  192D 22 AF 14                     LD      (CONSPTR),HL
1035  1930
1036  1930 E1                           POP     HL
1037  1931 F1                           POP     AF
1038  1932 C9                           RET
1039  1933
1040  1933
1041  1933              ;***************************************************************************
1042  1933              ;
1043  1933              ; TACHE 1
1044  1933              ;
1045  1933              ;
1046  1933 0E 41        T1              LD      C,41H
1047  1935 CD 23 19                     CALL    PRINTC
1048  1938 3E 01                        LD      A,1
1049  193A CD 4E 16                     CALL    INIES                      ; inicializa su propio semáforo de E/S (unidad 1)
1050  193D
1051  193D 3E 01        T12             LD      A,1
1052  193F 01 14 00                     LD      BC,0014H                   ; arma un temporizador con cuenta 0014H (20)
1053  1942 CD 84 16                     CALL    ARMERH
1054  1945 CD AE 16                     CALL    ACTIVH                     ; lo activa
1055  1948 CD 17 16                     CALL    DEMES                      ; se bloquea esperando a que el reloj la despierte
1056  194B 0E 41                        LD      C,41H                      ; al despertar, vuelve a imprimir 'A'
1057  194D CD 23 19                     CALL    PRINTC
1058  1950 18 EB                        JR      T12                        ; y repite para siempre
1059  1952
1060  1952
1061  1952              ; TACHE 2                                          -> tarea de demostración #2: imprime 'B' (42H),
1062  1952              ;                                                     con un período más corto (~7 ticks) que T1/T3
1063  1952              ;
1064  1952 0E 42        T2              LD      C,42H
1065  1954 CD 23 19                     CALL    PRINTC
1066  1957 3E 02                        LD      A,2
1067  1959 CD 4E 16                     CALL    INIES                      ; semáforo de E/S de la unidad 2
1068  195C 3E 02        T21             LD      A,2
1069  195E 01 07 00                     LD      BC,0007H                   ; cuenta más chica: se despierta más seguido
1070  1961 CD 84 16                     CALL    ARMERH
1071  1964 CD AE 16                     CALL    ACTIVH
1072  1967 CD 17 16                     CALL    DEMES
1073  196A 0E 42                        LD      C,42H
1074  196C CD 23 19                     CALL    PRINTC
1075  196F 18 EB                        JR      T21
1076  1971
1077  1971
1078  1971              ; TACHE 3                                          -> tarea de demostración #3: imprime 'C' (43H),
1079  1971              ;                                                     mismo período que T1 (~20 ticks)
1080  1971              ;
1081  1971 2E 43        T3              LD      L,43H
1082  1973 4D                           LD      C,L
1083  1974 CD 23 19                     CALL    PRINTC
1084  1977 3E 03                        LD      A,3
1085  1979 CD 4E 16                     CALL    INIES                      ; semáforo de E/S de la unidad 3
1086  197C 3E 03        T31             LD      A,3
1087  197E 01 14 00                     LD      BC,0014H
1088  1981 CD 84 16                     CALL    ARMERH
1089  1984 CD AE 16                     CALL    ACTIVH
1090  1987 CD 17 16                     CALL    DEMES
1091  198A 0E 43                        LD      C,43H
1092  198C CD 23 19                     CALL    PRINTC
1093  198F 18 EB                        JR      T31
1094  1991
1095  1991
1096  1991              ;***************************************************************************
1097  1991              ;
1098  1991              FINAL           .EQU    $                          ; marca el final del programa (dirección usada
1099  1991                                                      ; en la cabecera ".WORD FINAL" al principio del archivo)
1100  1991                              .END
# file closed: simulacion.asm
